
> founders-circle-frontend@0.1.0 build
> tsc --noEmit && vite build

vite v8.3.0 building client environment for production...
transforming...
✓ 1982 modules transformed.
rendering chunks...
computing gzip size...
dist/index.html                          0.60 kB │ gzip:   0.39 kB
dist/assets/index-Bgei9u24.css          50.38 kB │ gzip:  11.53 kB
dist/assets/check-jmqP6GoW.js            0.11 kB │ gzip:   0.13 kB
dist/assets/arrow-left-DTNnNm6M.js       0.15 kB │ gzip:   0.15 kB
dist/assets/trash-2-WnScU8Ju.js          0.63 kB │ gzip:   0.35 kB
dist/assets/Admin-BK3h8hlJ.js            4.91 kB │ gzip:   1.76 kB
dist/assets/Discover-DKTi1mlK.js         7.32 kB │ gzip:   2.67 kB
dist/assets/Messages-DMqVuH23.js         7.50 kB │ gzip:   2.87 kB
dist/assets/Settings-BKv8HC4o.js         9.02 kB │ gzip:   2.96 kB
dist/assets/ProfileEditor-B8KPSPg_.js    9.40 kB │ gzip:   3.48 kB
dist/assets/IdeaBoard-CQmFNLea.js       11.18 kB │ gzip:   4.04 kB
dist/assets/Events-evoZRm7H.js          13.96 kB │ gzip:   4.54 kB
dist/assets/Connections-DfSeILcM.js     21.43 kB │ gzip:   7.44 kB
dist/assets/index-D40JlSLb.js          333.11 kB │ gzip: 104.71 kB

✓ built in 3.76s
[PLUGIN_TIMINGS] Plugin hooks ran for 3.6s of this 3.8s build (96%).
The slowest hooks, timed inside each callback (the wait before a callback starts is excluded, the time it awaits is included):
  - vite:css-post renderChunk (78%, 2.9s, 12 calls)
Additional hook time came from hooks under 1s.
See https://rolldown.rs/reference/InputOptions.checks#plugintimings for more details.
